Starting Pipeline...
=============================================
 Phase 1: Rebuilding ALL features (2014-2026)
=============================================
2026-06-13 23:04:22,169 [INFO] Starting Full Database Feature Rebuild (2014-2026)...
2026-06-13 23:04:22,169 [INFO] Loading race data...
2026-06-13 23:04:35,356 [INFO] Loaded 595431 entries across 42492 races
2026-06-13 23:04:35,515 [INFO] Loading full history for rolling features...
2026-06-13 23:04:42,380 [INFO] Loading odds snapshots for movement features...
2026-06-13 23:04:42,447 [INFO] Pre-indexing history for fast lookups...
2026-06-13 23:04:46,065 [INFO] Indexed: 64733 horses, 1282 jockeys, 945 trainers, 10 courses
2026-06-13 23:04:46,605 [INFO] Building features for 595431 entries...
2026-06-13 23:04:47,013 [INFO] Starting joblib pool with 11 workers across 22 chunks...
2026-06-13 23:04:58,427 [INFO] Pre-building point-in-time speed baseline index...
2026-06-13 23:04:58,502 [INFO] Pre-building point-in-time speed baseline index...
2026-06-13 23:04:58,673 [INFO] Pre-building point-in-time speed baseline index...
2026-06-13 23:04:58,772 [INFO] Pre-building point-in-time speed baseline index...
2026-06-13 23:04:58,807 [INFO] Pre-building point-in-time speed baseline index...
2026-06-13 23:04:58,895 [INFO] Pre-building point-in-time speed baseline index...
2026-06-13 23:05:04,748 [INFO] Pre-building point-in-time speed baseline index...
2026-06-13 23:05:36,705 [WARNING] Could not load ability ratings: (sqlite3.OperationalError) no such table: horse_rating_history
[SQL: SELECT horse_id, race_date, rating_after FROM horse_rating_history ORDER BY race_date]
(Background on this error at: https://sqlalche.me/e/20/e3q8)
2026-06-13 23:05:50,727 [INFO] Pre-building point-in-time speed baseline index...
2026-06-13 23:06:50,137 [INFO] Pre-building point-in-time speed baseline index...
2026-06-13 23:07:19,550 [INFO] Pre-building point-in-time speed baseline index...
2026-06-13 23:07:51,129 [INFO] Speed baseline index built: 371 (course, dist, going) combos
2026-06-13 23:07:52,252 [INFO] Speed baseline index built: 371 (course, dist, going) combos
2026-06-13 23:07:56,093 [INFO] Speed baseline index built: 371 (course, dist, going) combos
2026-06-13 23:07:56,699 [INFO] Speed baseline index built: 371 (course, dist, going) combos
2026-06-13 23:07:57,862 [INFO] Speed baseline index built: 371 (course, dist, going) combos
2026-06-13 23:07:58,930 [INFO] Speed baseline index built: 371 (course, dist, going) combos
2026-06-13 23:08:02,921 [INFO] Speed baseline index built: 371 (course, dist, going) combos
2026-06-13 23:09:15,077 [INFO] Speed baseline index built: 371 (course, dist, going) combos
2026-06-13 23:10:31,460 [INFO] Speed baseline index built: 371 (course, dist, going) combos
2026-06-13 23:11:26,596 [INFO] Speed baseline index built: 371 (course, dist, going) combos
/Library/Frameworks/Python.framework/Versions/3.10/lib/python3.10/multiprocessing/resource_tracker.py:224: UserWarning: resource_tracker: There appear to be 2 leaked semaphore objects to clean up at shutdown
  warnings.warn('resource_tracker: There appear to be %d '
