2026-05-10 23:58:43,124 [INFO] === UmaEdge Model Training ===
2026-05-10 23:58:43,124 [INFO] 🚫 ODDS-FREE MODE — excluding all odds-derived features
2026-05-10 23:58:43,124 [INFO] No cache found. Building features from scratch...
2026-05-10 23:58:43,124 [INFO] Loading race data...
2026-05-10 23:59:46,334 [INFO] Loaded 196764 entries across 14300 races
2026-05-10 23:59:46,353 [INFO] Loading full history for rolling features...
2026-05-11 00:00:22,786 [INFO] Pre-indexing history for fast lookups...
2026-05-11 00:00:23,480 [INFO] Indexed: 36660 horses, 822 jockeys, 777 trainers, 10 courses
2026-05-11 00:00:23,480 [INFO] Building features for 196764 entries...
2026-05-11 00:01:09,647 [INFO] Pre-building point-in-time speed baseline index...
2026-05-11 00:01:10,008 [INFO] Speed baseline index built: 320 (course, dist, going) combos
2026-05-11 00:01:16,859 [INFO]   [1,000/196,764] 1% | 19 entries/s | ETA 10450s
2026-05-11 00:02:00,810 [INFO]   [2,000/196,764] 1% | 21 entries/s | ETA 9478s
2026-05-11 00:02:44,051 [INFO]   [3,000/196,764] 2% | 21 entries/s | ETA 9079s
2026-05-11 00:03:29,714 [INFO]   [4,000/196,764] 2% | 21 entries/s | ETA 8975s
2026-05-11 00:04:14,800 [INFO]   [5,000/196,764] 3% | 22 entries/s | ETA 8872s
2026-05-11 00:04:58,719 [INFO]   [6,000/196,764] 3% | 22 entries/s | ETA 8751s
2026-05-11 00:05:43,392 [INFO]   [7,000/196,764] 4% | 22 entries/s | ETA 8673s
2026-05-11 00:06:27,957 [INFO]   [8,000/196,764] 4% | 22 entries/s | ETA 8600s
2026-05-11 00:07:13,674 [INFO]   [9,000/196,764] 5% | 22 entries/s | ETA 8558s
2026-05-11 00:07:58,708 [INFO]   [10,000/196,764] 5% | 22 entries/s | ETA 8502s
2026-05-11 00:08:45,100 [INFO]   [11,000/196,764] 6% | 22 entries/s | ETA 8471s
2026-05-11 00:09:31,600 [INFO]   [12,000/196,764] 6% | 22 entries/s | ETA 8439s
2026-05-11 00:10:17,972 [INFO]   [13,000/196,764] 7% | 22 entries/s | ETA 8404s
2026-05-11 00:11:04,982 [INFO]   [14,000/196,764] 7% | 22 entries/s | ETA 8375s
2026-05-11 00:11:50,953 [INFO]   [15,000/196,764] 8% | 22 entries/s | ETA 8331s
2026-05-11 00:12:38,727 [INFO]   [16,000/196,764] 8% | 22 entries/s | ETA 8307s
2026-05-11 00:13:24,566 [INFO]   [17,000/196,764] 9% | 22 entries/s | ETA 8259s
2026-05-11 00:14:11,050 [INFO]   [18,000/196,764] 9% | 22 entries/s | ETA 8219s
2026-05-11 00:14:58,178 [INFO]   [19,000/196,764] 10% | 22 entries/s | ETA 8184s
2026-05-11 00:15:45,875 [INFO]   [20,000/196,764] 10% | 22 entries/s | ETA 8152s
2026-05-11 00:16:32,775 [INFO]   [21,000/196,764] 11% | 22 entries/s | ETA 8113s
2026-05-11 00:17:20,236 [INFO]   [22,000/196,764] 11% | 22 entries/s | ETA 8077s
2026-05-11 00:18:08,275 [INFO]   [23,000/196,764] 12% | 22 entries/s | ETA 8044s
2026-05-11 00:18:57,470 [INFO]   [24,000/196,764] 12% | 22 entries/s | ETA 8019s
2026-05-11 00:19:46,256 [INFO]   [25,000/196,764] 13% | 22 entries/s | ETA 7989s
2026-05-11 00:20:32,516 [INFO]   [26,000/196,764] 13% | 22 entries/s | ETA 7941s
2026-05-11 00:21:18,691 [INFO]   [27,000/196,764] 14% | 22 entries/s | ETA 7892s
2026-05-11 00:22:06,085 [INFO]   [28,000/196,764] 14% | 21 entries/s | ETA 7851s
2026-05-11 00:22:53,225 [INFO]   [29,000/196,764] 15% | 21 entries/s | ETA 7808s
2026-05-11 00:23:40,829 [INFO]   [30,000/196,764] 15% | 21 entries/s | ETA 7768s
2026-05-11 00:24:27,332 [INFO]   [31,000/196,764] 16% | 21 entries/s | ETA 7721s
2026-05-11 00:25:15,902 [INFO]   [32,000/196,764] 16% | 21 entries/s | ETA 7684s
2026-05-11 00:26:03,352 [INFO]   [33,000/196,764] 17% | 21 entries/s | ETA 7642s
2026-05-11 00:26:48,036 [INFO]   [34,000/196,764] 17% | 21 entries/s | ETA 7586s
2026-05-11 00:27:32,171 [INFO]   [35,000/196,764] 18% | 21 entries/s | ETA 7528s
2026-05-11 00:28:17,317 [INFO]   [36,000/196,764] 18% | 22 entries/s | ETA 7475s
2026-05-11 00:29:03,294 [INFO]   [37,000/196,764] 19% | 22 entries/s | ETA 7426s
2026-05-11 00:29:48,986 [INFO]   [38,000/196,764] 19% | 22 entries/s | ETA 7376s
2026-05-11 00:30:34,015 [INFO]   [39,000/196,764] 20% | 22 entries/s | ETA 7324s
2026-05-11 00:31:18,592 [INFO]   [40,000/196,764] 20% | 22 entries/s | ETA 7270s
2026-05-11 00:32:04,943 [INFO]   [41,000/196,764] 21% | 22 entries/s | ETA 7224s
2026-05-11 00:32:50,929 [INFO]   [42,000/196,764] 21% | 22 entries/s | ETA 7176s
2026-05-11 00:33:35,703 [INFO]   [43,000/196,764] 22% | 22 entries/s | ETA 7124s
2026-05-11 00:34:20,826 [INFO]   [44,000/196,764] 22% | 22 entries/s | ETA 7073s
2026-05-11 00:35:05,153 [INFO]   [45,000/196,764] 23% | 22 entries/s | ETA 7021s
2026-05-11 00:35:50,665 [INFO]   [46,000/196,764] 23% | 22 entries/s | ETA 6972s
2026-05-11 00:36:35,479 [INFO]   [47,000/196,764] 24% | 22 entries/s | ETA 6921s
2026-05-11 00:37:22,137 [INFO]   [48,000/196,764] 24% | 22 entries/s | ETA 6876s
2026-05-11 00:38:09,425 [INFO]   [49,000/196,764] 25% | 22 entries/s | ETA 6833s
2026-05-11 00:38:54,863 [INFO]   [50,000/196,764] 25% | 22 entries/s | ETA 6785s
2026-05-11 00:39:39,209 [INFO]   [51,000/196,764] 26% | 22 entries/s | ETA 6733s
2026-05-11 00:40:25,016 [INFO]   [52,000/196,764] 26% | 22 entries/s | ETA 6686s
2026-05-11 00:41:09,799 [INFO]   [53,000/196,764] 27% | 22 entries/s | ETA 6636s
2026-05-11 00:41:54,806 [INFO]   [54,000/196,764] 27% | 22 entries/s | ETA 6587s
2026-05-11 00:42:41,698 [INFO]   [55,000/196,764] 28% | 22 entries/s | ETA 6542s
2026-05-11 00:43:28,065 [INFO]   [56,000/196,764] 28% | 22 entries/s | ETA 6497s
2026-05-11 00:44:15,523 [INFO]   [57,000/196,764] 29% | 22 entries/s | ETA 6454s
2026-05-11 00:45:02,829 [INFO]   [58,000/196,764] 29% | 22 entries/s | ETA 6410s
2026-05-11 00:45:49,133 [INFO]   [59,000/196,764] 30% | 22 entries/s | ETA 6364s
2026-05-11 00:46:35,473 [INFO]   [60,000/196,764] 30% | 22 entries/s | ETA 6318s
2026-05-11 00:47:22,240 [INFO]   [61,000/196,764] 31% | 22 entries/s | ETA 6274s
2026-05-11 00:48:07,997 [INFO]   [62,000/196,764] 32% | 22 entries/s | ETA 6226s
2026-05-11 00:48:54,913 [INFO]   [63,000/196,764] 32% | 22 entries/s | ETA 6182s
2026-05-11 00:49:41,979 [INFO]   [64,000/196,764] 33% | 22 entries/s | ETA 6137s
2026-05-11 00:50:27,744 [INFO]   [65,000/196,764] 33% | 22 entries/s | ETA 6090s
2026-05-11 00:51:14,653 [INFO]   [66,000/196,764] 34% | 22 entries/s | ETA 6045s
2026-05-11 00:52:04,827 [INFO]   [67,000/196,764] 34% | 22 entries/s | ETA 6007s
2026-05-11 00:52:53,208 [INFO]   [68,000/196,764] 35% | 22 entries/s | ETA 5964s
2026-05-11 00:53:42,204 [INFO]   [69,000/196,764] 35% | 22 entries/s | ETA 5923s
2026-05-11 00:54:32,097 [INFO]   [70,000/196,764] 36% | 22 entries/s | ETA 5883s
2026-05-11 00:55:21,780 [INFO]   [71,000/196,764] 36% | 22 entries/s | ETA 5842s
2026-05-11 00:56:10,193 [INFO]   [72,000/196,764] 37% | 22 entries/s | ETA 5799s
2026-05-11 00:57:00,202 [INFO]   [73,000/196,764] 37% | 21 entries/s | ETA 5759s
2026-05-11 00:57:49,500 [INFO]   [74,000/196,764] 38% | 21 entries/s | ETA 5717s
2026-05-11 00:58:39,841 [INFO]   [75,000/196,764] 38% | 21 entries/s | ETA 5676s
2026-05-11 00:59:30,944 [INFO]   [76,000/196,764] 39% | 21 entries/s | ETA 5637s
2026-05-11 01:00:20,176 [INFO]   [77,000/196,764] 39% | 21 entries/s | ETA 5594s
2026-05-11 01:01:09,823 [INFO]   [78,000/196,764] 40% | 21 entries/s | ETA 5552s
2026-05-11 01:02:00,630 [INFO]   [79,000/196,764] 40% | 21 entries/s | ETA 5511s
2026-05-11 01:02:50,500 [INFO]   [80,000/196,764] 41% | 21 entries/s | ETA 5469s
2026-05-11 01:03:39,757 [INFO]   [81,000/196,764] 41% | 21 entries/s | ETA 5426s
2026-05-11 01:04:30,496 [INFO]   [82,000/196,764] 42% | 21 entries/s | ETA 5384s
2026-05-11 01:05:19,916 [INFO]   [83,000/196,764] 42% | 21 entries/s | ETA 5341s
2026-05-11 01:06:09,605 [INFO]   [84,000/196,764] 43% | 21 entries/s | ETA 5297s
2026-05-11 01:06:59,984 [INFO]   [85,000/196,764] 43% | 21 entries/s | ETA 5255s
2026-05-11 01:07:48,604 [INFO]   [86,000/196,764] 44% | 21 entries/s | ETA 5210s
2026-05-11 01:08:37,745 [INFO]   [87,000/196,764] 44% | 21 entries/s | ETA 5166s
2026-05-11 01:09:27,936 [INFO]   [88,000/196,764] 45% | 21 entries/s | ETA 5122s
2026-05-11 01:10:17,455 [INFO]   [89,000/196,764] 45% | 21 entries/s | ETA 5078s
2026-05-11 01:11:05,845 [INFO]   [90,000/196,764] 46% | 21 entries/s | ETA 5033s
2026-05-11 01:11:55,077 [INFO]   [91,000/196,764] 46% | 21 entries/s | ETA 4988s
2026-05-11 01:12:43,499 [INFO]   [92,000/196,764] 47% | 21 entries/s | ETA 4942s
2026-05-11 01:13:32,223 [INFO]   [93,000/196,764] 47% | 21 entries/s | ETA 4897s
2026-05-11 01:14:21,824 [INFO]   [94,000/196,764] 48% | 21 entries/s | ETA 4852s
2026-05-11 01:15:10,710 [INFO]   [95,000/196,764] 48% | 21 entries/s | ETA 4807s
2026-05-11 01:16:00,043 [INFO]   [96,000/196,764] 49% | 21 entries/s | ETA 4762s
2026-05-11 01:16:49,018 [INFO]   [97,000/196,764] 49% | 21 entries/s | ETA 4716s
2026-05-11 01:17:39,417 [INFO]   [98,000/196,764] 50% | 21 entries/s | ETA 4672s
2026-05-11 01:18:29,654 [INFO]   [99,000/196,764] 50% | 21 entries/s | ETA 4628s
2026-05-11 01:19:20,011 [INFO]   [100,000/196,764] 51% | 21 entries/s | ETA 4583s
2026-05-11 01:20:10,586 [INFO]   [101,000/196,764] 51% | 21 entries/s | ETA 4539s
2026-05-11 01:21:00,829 [INFO]   [102,000/196,764] 52% | 21 entries/s | ETA 4494s
2026-05-11 01:21:50,983 [INFO]   [103,000/196,764] 52% | 21 entries/s | ETA 4449s
2026-05-11 01:22:41,904 [INFO]   [104,000/196,764] 53% | 21 entries/s | ETA 4405s
2026-05-11 01:23:31,936 [INFO]   [105,000/196,764] 53% | 21 entries/s | ETA 4360s
2026-05-11 01:24:21,410 [INFO]   [106,000/196,764] 54% | 21 entries/s | ETA 4314s
2026-05-11 01:25:11,599 [INFO]   [107,000/196,764] 54% | 21 entries/s | ETA 4269s
2026-05-11 01:26:01,218 [INFO]   [108,000/196,764] 55% | 21 entries/s | ETA 4223s
2026-05-11 01:26:51,309 [INFO]   [109,000/196,764] 55% | 21 entries/s | ETA 4177s
2026-05-11 01:27:41,705 [INFO]   [110,000/196,764] 56% | 21 entries/s | ETA 4132s
2026-05-11 01:28:32,227 [INFO]   [111,000/196,764] 56% | 21 entries/s | ETA 4086s
2026-05-11 01:29:22,108 [INFO]   [112,000/196,764] 57% | 21 entries/s | ETA 4040s
2026-05-11 01:30:11,007 [INFO]   [113,000/196,764] 57% | 21 entries/s | ETA 3994s
2026-05-11 01:31:01,505 [INFO]   [114,000/196,764] 58% | 21 entries/s | ETA 3948s
2026-05-11 01:31:50,034 [INFO]   [115,000/196,764] 58% | 21 entries/s | ETA 3901s
2026-05-11 01:32:38,642 [INFO]   [116,000/196,764] 59% | 21 entries/s | ETA 3854s
2026-05-11 01:33:28,222 [INFO]   [117,000/196,764] 59% | 21 entries/s | ETA 3807s
2026-05-11 01:34:17,061 [INFO]   [118,000/196,764] 60% | 21 entries/s | ETA 3760s
2026-05-11 01:35:06,076 [INFO]   [119,000/196,764] 60% | 21 entries/s | ETA 3713s
2026-05-11 01:35:55,850 [INFO]   [120,000/196,764] 61% | 21 entries/s | ETA 3667s
2026-05-11 01:36:46,877 [INFO]   [121,000/196,764] 61% | 21 entries/s | ETA 3621s
2026-05-11 01:37:36,249 [INFO]   [122,000/196,764] 62% | 21 entries/s | ETA 3574s
2026-05-11 01:38:25,293 [INFO]   [123,000/196,764] 63% | 21 entries/s | ETA 3527s
2026-05-11 01:39:15,956 [INFO]   [124,000/196,764] 63% | 21 entries/s | ETA 3481s
2026-05-11 01:40:05,652 [INFO]   [125,000/196,764] 64% | 21 entries/s | ETA 3434s
2026-05-11 01:40:55,792 [INFO]   [126,000/196,764] 64% | 21 entries/s | ETA 3388s
2026-05-11 01:41:45,506 [INFO]   [127,000/196,764] 65% | 21 entries/s | ETA 3341s
2026-05-11 01:42:34,563 [INFO]   [128,000/196,764] 65% | 21 entries/s | ETA 3294s
2026-05-11 01:43:23,756 [INFO]   [129,000/196,764] 66% | 21 entries/s | ETA 3247s
2026-05-11 01:44:12,148 [INFO]   [130,000/196,764] 66% | 21 entries/s | ETA 3199s
2026-05-11 01:45:01,710 [INFO]   [131,000/196,764] 67% | 21 entries/s | ETA 3152s
2026-05-11 01:45:50,467 [INFO]   [132,000/196,764] 67% | 21 entries/s | ETA 3104s
2026-05-11 01:46:39,869 [INFO]   [133,000/196,764] 68% | 21 entries/s | ETA 3057s
2026-05-11 01:47:28,738 [INFO]   [134,000/196,764] 68% | 21 entries/s | ETA 3010s
2026-05-11 01:48:16,932 [INFO]   [135,000/196,764] 69% | 21 entries/s | ETA 2962s
2026-05-11 01:49:05,007 [INFO]   [136,000/196,764] 69% | 21 entries/s | ETA 2914s
2026-05-11 01:49:53,733 [INFO]   [137,000/196,764] 70% | 21 entries/s | ETA 2866s
2026-05-11 01:50:42,932 [INFO]   [138,000/196,764] 70% | 21 entries/s | ETA 2819s
2026-05-11 01:51:31,504 [INFO]   [139,000/196,764] 71% | 21 entries/s | ETA 2771s
2026-05-11 01:52:20,049 [INFO]   [140,000/196,764] 71% | 21 entries/s | ETA 2723s
2026-05-11 01:53:09,446 [INFO]   [141,000/196,764] 72% | 21 entries/s | ETA 2676s
2026-05-11 01:53:57,897 [INFO]   [142,000/196,764] 72% | 21 entries/s | ETA 2628s
2026-05-11 01:54:45,733 [INFO]   [143,000/196,764] 73% | 21 entries/s | ETA 2580s
2026-05-11 01:55:33,965 [INFO]   [144,000/196,764] 73% | 21 entries/s | ETA 2532s
2026-05-11 01:56:22,898 [INFO]   [145,000/196,764] 74% | 21 entries/s | ETA 2484s
2026-05-11 01:57:10,849 [INFO]   [146,000/196,764] 74% | 21 entries/s | ETA 2436s
2026-05-11 01:57:59,618 [INFO]   [147,000/196,764] 75% | 21 entries/s | ETA 2389s
2026-05-11 01:58:50,447 [INFO]   [148,000/196,764] 75% | 21 entries/s | ETA 2342s
2026-05-11 01:59:41,117 [INFO]   [149,000/196,764] 76% | 21 entries/s | ETA 2294s
2026-05-11 02:00:30,440 [INFO]   [150,000/196,764] 76% | 21 entries/s | ETA 2247s
2026-05-11 02:01:19,560 [INFO]   [151,000/196,764] 77% | 21 entries/s | ETA 2199s
2026-05-11 02:02:09,518 [INFO]   [152,000/196,764] 77% | 21 entries/s | ETA 2152s
2026-05-11 02:02:58,835 [INFO]   [153,000/196,764] 78% | 21 entries/s | ETA 2104s
2026-05-11 02:03:47,451 [INFO]   [154,000/196,764] 78% | 21 entries/s | ETA 2056s
2026-05-11 02:04:36,137 [INFO]   [155,000/196,764] 79% | 21 entries/s | ETA 2008s
2026-05-11 02:05:25,778 [INFO]   [156,000/196,764] 79% | 21 entries/s | ETA 1960s
2026-05-11 02:06:15,771 [INFO]   [157,000/196,764] 80% | 21 entries/s | ETA 1913s
2026-05-11 02:07:04,732 [INFO]   [158,000/196,764] 80% | 21 entries/s | ETA 1865s
2026-05-11 02:07:53,663 [INFO]   [159,000/196,764] 81% | 21 entries/s | ETA 1817s
2026-05-11 02:08:43,206 [INFO]   [160,000/196,764] 81% | 21 entries/s | ETA 1769s
2026-05-11 02:09:32,999 [INFO]   [161,000/196,764] 82% | 21 entries/s | ETA 1721s
2026-05-11 02:10:23,273 [INFO]   [162,000/196,764] 82% | 21 entries/s | ETA 1674s
2026-05-11 02:11:12,288 [INFO]   [163,000/196,764] 83% | 21 entries/s | ETA 1626s
2026-05-11 02:12:02,324 [INFO]   [164,000/196,764] 83% | 21 entries/s | ETA 1578s
2026-05-11 02:12:52,140 [INFO]   [165,000/196,764] 84% | 21 entries/s | ETA 1530s
2026-05-11 02:13:42,030 [INFO]   [166,000/196,764] 84% | 21 entries/s | ETA 1482s
2026-05-11 02:14:32,613 [INFO]   [167,000/196,764] 85% | 21 entries/s | ETA 1435s
2026-05-11 02:15:23,044 [INFO]   [168,000/196,764] 85% | 21 entries/s | ETA 1387s
2026-05-11 02:16:13,840 [INFO]   [169,000/196,764] 86% | 21 entries/s | ETA 1339s
2026-05-11 02:17:04,210 [INFO]   [170,000/196,764] 86% | 21 entries/s | ETA 1291s
2026-05-11 02:17:54,860 [INFO]   [171,000/196,764] 87% | 21 entries/s | ETA 1243s
2026-05-11 02:18:45,445 [INFO]   [172,000/196,764] 87% | 21 entries/s | ETA 1195s
2026-05-11 02:19:35,225 [INFO]   [173,000/196,764] 88% | 21 entries/s | ETA 1147s
2026-05-11 02:20:26,661 [INFO]   [174,000/196,764] 88% | 21 entries/s | ETA 1099s
2026-05-11 02:21:17,164 [INFO]   [175,000/196,764] 89% | 21 entries/s | ETA 1051s
2026-05-11 02:22:08,107 [INFO]   [176,000/196,764] 89% | 21 entries/s | ETA 1003s
2026-05-11 02:22:58,323 [INFO]   [177,000/196,764] 90% | 21 entries/s | ETA 955s
2026-05-11 02:23:48,387 [INFO]   [178,000/196,764] 90% | 21 entries/s | ETA 907s
2026-05-11 02:24:39,086 [INFO]   [179,000/196,764] 91% | 21 entries/s | ETA 859s
2026-05-11 02:25:29,109 [INFO]   [180,000/196,764] 91% | 21 entries/s | ETA 811s
2026-05-11 02:26:12,663 [INFO]   [181,000/196,764] 92% | 21 entries/s | ETA 762s
2026-05-11 02:26:55,170 [INFO]   [182,000/196,764] 92% | 21 entries/s | ETA 713s
2026-05-11 02:27:39,331 [INFO]   [183,000/196,764] 93% | 21 entries/s | ETA 665s
2026-05-11 02:28:24,538 [INFO]   [184,000/196,764] 94% | 21 entries/s | ETA 616s
2026-05-11 02:29:09,935 [INFO]   [185,000/196,764] 94% | 21 entries/s | ETA 568s
2026-05-11 02:29:55,204 [INFO]   [186,000/196,764] 95% | 21 entries/s | ETA 519s
2026-05-11 02:30:44,168 [INFO]   [187,000/196,764] 95% | 21 entries/s | ETA 471s
2026-05-11 02:31:32,987 [INFO]   [188,000/196,764] 96% | 21 entries/s | ETA 423s
2026-05-11 02:32:17,659 [INFO]   [189,000/196,764] 96% | 21 entries/s | ETA 374s
2026-05-11 02:33:03,197 [INFO]   [190,000/196,764] 97% | 21 entries/s | ETA 326s
2026-05-11 02:33:48,882 [INFO]   [191,000/196,764] 97% | 21 entries/s | ETA 278s
2026-05-11 02:34:35,530 [INFO]   [192,000/196,764] 98% | 21 entries/s | ETA 230s
2026-05-11 02:35:21,172 [INFO]   [193,000/196,764] 98% | 21 entries/s | ETA 181s
2026-05-11 02:36:07,081 [INFO]   [194,000/196,764] 99% | 21 entries/s | ETA 133s
2026-05-11 02:36:52,617 [INFO]   [195,000/196,764] 99% | 21 entries/s | ETA 85s
2026-05-11 02:37:40,244 [INFO]   [196,000/196,764] 100% | 21 entries/s | ETA 37s
2026-05-11 02:38:23,575 [INFO] ✅ Built 196764 feature vectors with 277 columns in 9580.5s (21 entries/s)
2026-05-11 02:38:24,314 [INFO] Excluded 16 features: ['odds_win', 'log_odds', 'popularity', 'odds_win_z', 'log_odds_z', 'popularity_z', 'is_longshot', 'is_extreme_longshot', 'is_longshot_z', 'is_extreme_longshot_z', 'odds_rank', 'odds_ratio_to_fav', 'odds_deviation', 'odds_rank_z', 'odds_ratio_to_fav_z', 'odds_deviation_z']
2026-05-11 02:38:24,350 [INFO] Using 250 features
2026-05-11 02:38:24,545 [INFO] Train: 156789 entries (11440 races)
2026-05-11 02:38:24,545 [INFO] Val:   39975 entries (2860 races)
2026-05-11 02:38:24,545 [INFO] Win rate — train: 0.073, val: 0.070
2026-05-11 02:38:24,561 [INFO] 
--- Training LightGBM ---
2026-05-11 02:38:34,664 [INFO] LightGBM — LogLoss: 0.2209, AUC: 0.7713, Brier: 0.0598
2026-05-11 02:38:34,664 [INFO] Top 15 features (gain):
2026-05-11 02:38:34,664 [INFO]   last3_avg_beaten_pct_z: 9756
2026-05-11 02:38:34,664 [INFO]   last10_avg_finish_z: 7927
2026-05-11 02:38:34,664 [INFO]   jockey_course_place_pct_z: 7120
2026-05-11 02:38:34,664 [INFO]   last5_avg_beaten_pct_z: 6510
2026-05-11 02:38:34,664 [INFO]   trainer_offspring_avg_finish_z: 5812
2026-05-11 02:38:34,664 [INFO]   trainer_offspring_avg_finish: 5194
2026-05-11 02:38:34,664 [INFO]   last_finish_pos: 5165
2026-05-11 02:38:34,664 [INFO]   last5_avg_finish_z: 4927
2026-05-11 02:38:34,664 [INFO]   last_finish_pos_z: 4437
2026-05-11 02:38:34,664 [INFO]   pace_place_prob: 4325
2026-05-11 02:38:34,664 [INFO]   field_size: 4310
2026-05-11 02:38:34,664 [INFO]   jockey_course_place_pct: 4010
2026-05-11 02:38:34,664 [INFO]   best_class_rank_z: 3659
2026-05-11 02:38:34,664 [INFO]   last10_avg_beaten_pct_z: 3579
2026-05-11 02:38:34,664 [INFO]   speed_figure_last_z: 3426
2026-05-11 02:38:34,668 [INFO] 
--- Training XGBoost ---
Training until validation scores don't improve for 50 rounds
[100]	valid_0's binary_logloss: 0.221484
[200]	valid_0's binary_logloss: 0.22086
Early stopping, best iteration is:
[200]	valid_0's binary_logloss: 0.22086
[0]	val-logloss:0.25160
[100]	val-logloss:0.22150
[200]	val-logloss:0.22075
[300]	val-logloss:0.22047
[400]	val-logloss:0.22050
2026-05-11 02:38:42,375 [INFO] XGBoost  — LogLoss: 0.2205, AUC: 0.7727, Brier: 0.0597
2026-05-11 02:38:42,392 [INFO] 
--- Ensemble ---
2026-05-11 02:38:42,401 [INFO] Ensemble — LogLoss: 0.2199, AUC: 0.7742, Brier: 0.0596
2026-05-11 02:38:42,402 [INFO] Calibration (predicted vs actual):
2026-05-11 02:38:42,402 [INFO]   P=0.04 → actual=0.040 (n=32271) ██
2026-05-11 02:38:42,402 [INFO]   P=0.14 → actual=0.151 (n=5566) ███████
2026-05-11 02:38:42,402 [INFO]   P=0.24 → actual=0.275 (n=1489) █████████████
2026-05-11 02:38:42,402 [INFO]   P=0.34 → actual=0.302 (n= 447) ███████████████
2026-05-11 02:38:42,402 [INFO]   P=0.44 → actual=0.548 (n= 157) ███████████████████████████
2026-05-11 02:38:42,402 [INFO]   P=0.54 → actual=0.541 (n=  37) ███████████████████████████
2026-05-11 02:38:42,402 [INFO]   P=0.63 → actual=0.500 (n=   8) █████████████████████████
2026-05-11 02:38:42,419 [INFO] 💾 Models saved to /Users/ryfei.wang/Documents/horsebet/models/saved/odds_free
2026-05-11 02:38:42,419 [INFO] 
✅ Training complete. Model version: odds_free
